###############################################################################
#
# IAR ELF Linker V3.10.1.201 for STM8                     21/Aug/2021  22:52:12
# Copyright 2010-2017 IAR Systems AB.
#
#    Output file  =  
#        C:\Users\WanBean\Desktop\excavator_esc\Project\Debug\Exe\STM8L101F3.out
#    Map file     =  
#        C:\Users\WanBean\Desktop\excavator_esc\Project\Debug\List\STM8L101F3.map
#    Command line =  
#        -f C:\Users\WanBean\AppData\Local\Temp\EWF02D.tmp
#        (C:\Users\WanBean\Desktop\excavator_esc\Project\Debug\Obj\main.o
#        C:\Users\WanBean\Desktop\excavator_esc\Project\Debug\Obj\Motor_Control.o
#        C:\Users\WanBean\Desktop\excavator_esc\Project\Debug\Obj\Receiver_PPM.o
#        C:\Users\WanBean\Desktop\excavator_esc\Project\Debug\Obj\Servo_Control.o
#        C:\Users\WanBean\Desktop\excavator_esc\Project\Debug\Obj\SoftPwm_Control.o
#        C:\Users\WanBean\Desktop\excavator_esc\Project\Debug\Obj\stm8l10x_awu.o
#        C:\Users\WanBean\Desktop\excavator_esc\Project\Debug\Obj\stm8l10x_beep.o
#        C:\Users\WanBean\Desktop\excavator_esc\Project\Debug\Obj\stm8l10x_clk.o
#        C:\Users\WanBean\Desktop\excavator_esc\Project\Debug\Obj\stm8l10x_comp.o
#        C:\Users\WanBean\Desktop\excavator_esc\Project\Debug\Obj\stm8l10x_exti.o
#        C:\Users\WanBean\Desktop\excavator_esc\Project\Debug\Obj\stm8l10x_flash.o
#        C:\Users\WanBean\Desktop\excavator_esc\Project\Debug\Obj\stm8l10x_gpio.o
#        C:\Users\WanBean\Desktop\excavator_esc\Project\Debug\Obj\stm8l10x_i2c.o
#        C:\Users\WanBean\Desktop\excavator_esc\Project\Debug\Obj\stm8l10x_irtim.o
#        C:\Users\WanBean\Desktop\excavator_esc\Project\Debug\Obj\stm8l10x_it.o
#        C:\Users\WanBean\Desktop\excavator_esc\Project\Debug\Obj\stm8l10x_itc.o
#        C:\Users\WanBean\Desktop\excavator_esc\Project\Debug\Obj\stm8l10x_iwdg.o
#        C:\Users\WanBean\Desktop\excavator_esc\Project\Debug\Obj\stm8l10x_rst.o
#        C:\Users\WanBean\Desktop\excavator_esc\Project\Debug\Obj\stm8l10x_spi.o
#        C:\Users\WanBean\Desktop\excavator_esc\Project\Debug\Obj\stm8l10x_tim2.o
#        C:\Users\WanBean\Desktop\excavator_esc\Project\Debug\Obj\stm8l10x_tim3.o
#        C:\Users\WanBean\Desktop\excavator_esc\Project\Debug\Obj\stm8l10x_tim4.o
#        C:\Users\WanBean\Desktop\excavator_esc\Project\Debug\Obj\stm8l10x_usart.o
#        C:\Users\WanBean\Desktop\excavator_esc\Project\Debug\Obj\stm8l10x_wfe.o
#        C:\Users\WanBean\Desktop\excavator_esc\Project\Debug\Obj\Switch_Control.o
#        --redirect _Printf=_PrintfFullNoMb --redirect _Scanf=_ScanfFullNoMb -o
#        C:\Users\WanBean\Desktop\excavator_esc\Project\Debug\Exe\STM8L101F3.out
#        --map
#        C:\Users\WanBean\Desktop\excavator_esc\Project\Debug\List\STM8L101F3.map
#        --config "D:\Program Files (x86)\IAR Systems\Embedded Workbench
#        8.0\stm8\config\lnkstm8l101f3.icf" --config_def _CSTACK_SIZE=0x100
#        --config_def _HEAP_SIZE=0x100 --entry __iar_program_start --debug_lib)
#
###############################################################################

*******************************************************************************
*** RUNTIME MODEL ATTRIBUTES
***

__SystemLibrary            = DLib
__code_model               = small
__core                     = stm8
__data_model               = medium
__dlib_file_descriptor     = 0
__dlib_full_locale_support = 0
__rt_version               = 4


*******************************************************************************
*** PLACEMENT SUMMARY
***

"A0":  place at start of [0x000000-0x0000ff] { rw section .vregs };
"A1":  place at end of [0x000000-0x0005ff] { block CSTACK };
"P2":  place in [from 0x000000 to 0x0005ff] {
          block HEAP, rw section __DLIB_PERTHREAD, rw section .far.bss,
          rw section .far.data, rw section .far.noinit,
          rw section .far_func.textrw, rw section .huge.bss,
          rw section .huge.data, rw section .huge.noinit,
          rw section .huge_func.textrw, rw section .iar.dynexit,
          rw section .near.bss, rw section .near.data, rw section .near.noinit,
          rw section .near_func.textrw };
"A2":  place at start of [0x008000-0x009fff] { block INTVEC };
"P3":  place in [from 0x008000 to 0x009fff] {
          ro section __DLIB_PERTHREAD_init, ro section .far.data_init,
          ro section .far_func.textrw_init, ro section .huge.data_init,
          ro section .huge_func.textrw_init, ro section .iar.init_table,
          ro section .init_array, ro section .near.data_init,
          ro section .near.rodata, ro section .near_func.text,
          ro section .near_func.textrw_init, ro section .tiny.data_init,
          ro section .tiny.rodata_init };
"P4":  place in [from 0x008000 to 0x009fff] {
          ro section .far.rodata, ro section .far_func.text };
"P5":  place in [from 0x008000 to 0x009fff] {
          ro section .huge.rodata, ro section .huge_func.text };
do not initialize {
   rw section .far.noinit, rw section .huge.noinit, rw section .near.noinit,
   rw section .tiny.noinit, rw section .vregs };
initialize by copy {
   rw section .far.bss, rw section .far.data, rw section .far_func.textrw,
   rw section .huge.bss, rw section .huge.data, rw section .huge_func.textrw,
   rw section .iar.dynexit, rw section .near.bss, rw section .near.data,
   rw section .near_func.textrw, rw section .tiny.bss, rw section .tiny.data,
   ro section .tiny.rodata };

  Section            Kind      Address   Size  Object
  -------            ----      -------   ----  ------
"A0":                                    0x10
  .vregs             uninit   0x000000   0x10  vregs.o [4]
                            - 0x000010   0x10

"P2", part 1 of 2:                       0x79
  P2-1                        0x000010   0x79  <Init block>
    .near.data       inited   0x000010    0xc  Motor_Control.o [1]
    .near.data       inited   0x00001c    0xc  Motor_Control.o [1]
    .near.data       inited   0x000028   0x49  Receiver_PPM.o [1]
    .near.data       inited   0x000071    0xc  SoftPwm_Control.o [1]
    .near.data       inited   0x00007d    0xc  SoftPwm_Control.o [1]
                            - 0x000089   0x79

"P2", part 2 of 2:                       0x70
  .near.bss          zero     0x000089   0x48  SoftPwm_Control.o [1]
  .near.bss          zero     0x0000d1   0x13  Receiver_PPM.o [1]
  .near.bss          zero     0x0000e4    0x4  Receiver_PPM.o [1]
  .near.bss          zero     0x0000e8    0x4  SoftPwm_Control.o [1]
  .near.bss          zero     0x0000ec    0x4  SoftPwm_Control.o [1]
  .near.bss          zero     0x0000f0    0x4  SoftPwm_Control.o [1]
  .near.bss          zero     0x0000f4    0x2  main.o [1]
  .near.bss          zero     0x0000f6    0x2  Receiver_PPM.o [1]
  .near.bss          zero     0x0000f8    0x1  Receiver_PPM.o [1]
                            - 0x0000f9   0x70

"A1":                                   0x100
  CSTACK                      0x000500  0x100  <Block>
    CSTACK           uninit   0x000500  0x100  <Block tail>
                            - 0x000600  0x100

"A2":                                    0x80
  INTVEC                      0x008000   0x80  <Block>
    .intvec          const    0x008000   0x80  interrupt.o [4]
                            - 0x008080   0x80

"P3-P5":                                0xf1e
  .near_func.text    ro code  0x008080  0x2de  float.o [4]
  .near_func.text    ro code  0x00835e  0x128  long.o [4]
  .near_func.text    ro code  0x008486  0x116  Receiver_PPM.o [1]
  .near_func.text    ro code  0x00859c  0x107  SoftPwm_Control.o [1]
  .near_func.text    ro code  0x0086a3   0xcc  vreg_util.o [4]
  .near_func.text    ro code  0x00876f   0xa0  stm8l10x_exti.o [1]
  .near_func.text    ro code  0x00880f   0x88  Receiver_PPM.o [1]
  Initializer bytes  const    0x008897   0x79  <for P2-1>
  .near_func.text    ro code  0x008910   0x72  SoftPwm_Control.o [1]
  .near_func.text    ro code  0x008982   0x6d  main.o [1]
  .near_func.text    ro code  0x0089ef   0x6c  Motor_Control.o [1]
  .near_func.text    ro code  0x008a5b   0x65  stm8l10x_tim3.o [1]
  .near_func.text    ro code  0x008ac0   0x63  long_util.o [4]
  .near_func.text    ro code  0x008b23   0x52  stm8l10x_gpio.o [1]
  .near_func.text    ro code  0x008b75   0x45  Receiver_PPM.o [1]
  .near_func.text    ro code  0x008bba   0x3b  Motor_Control.o [1]
  .near_func.text    ro code  0x008bf5   0x28  init_small.o [4]
  .near_func.text    ro code  0x008c1d   0x26  main.o [1]
  .iar.init_table    const    0x008c43   0x12  - Linker created -
  .near_func.text    ro code  0x008c55   0x20  stm8l10x_it.o [1]
  .near_func.text    ro code  0x008c75   0x1e  Motor_Control.o [1]
  .near_func.text    ro code  0x008c93   0x1e  init_small.o [4]
  .near_func.text    ro code  0x008cb1   0x1b  stm8l10x_tim3.o [1]
  .near_func.text    ro code  0x008ccc   0x19  stm8l10x_exti.o [1]
  .near_func.text    ro code  0x008ce5   0x19  stm8l10x_it.o [1]
  .near_func.text    ro code  0x008cfe   0x18  stm8l10x_clk.o [1]
  .near_func.text    ro code  0x008d16   0x18  stm8l10x_tim3.o [1]
  .near_func.text    ro code  0x008d2e   0x18  dc_util.o [4]
  .near_func.text    ro code  0x008d46   0x16  stm8l10x_exti.o [1]
  .near_func.text    ro code  0x008d5c   0x15  stm8l10x_it.o [1]
  .near_func.text    ro code  0x008d71   0x15  stm8l10x_it.o [1]
  .near_func.text    ro code  0x008d86   0x14  init.o [4]
  .near_func.text    ro code  0x008d9a   0x14  __dbg_xxexit.o [3]
  .near_func.text    ro code  0x008dae   0x13  cstartup.o [4]
  .near_func.text    ro code  0x008dc1   0x12  stm8l10x_tim3.o [1]
  .near_func.text    ro code  0x008dd3   0x10  stm8l10x_clk.o [1]
  .near_func.text    ro code  0x008de3    0xd  Receiver_PPM.o [1]
  .near_func.text    ro code  0x008df0    0xd  stm8l10x_tim3.o [1]
  .near_func.text    ro code  0x008dfd    0xd  stm8l10x_tim3.o [1]
  .near_func.text    ro code  0x008e0a    0xc  stm8l10x_tim3.o [1]
  .near_func.text    ro code  0x008e16    0xb  Motor_Control.o [1]
  .near_func.text    ro code  0x008e21    0xb  Motor_Control.o [1]
  .near_func.text    ro code  0x008e2c    0xb  Motor_Control.o [1]
  .near_func.text    ro code  0x008e37    0xb  Motor_Control.o [1]
  .near_func.text    ro code  0x008e42    0xb  stm8l10x_tim3.o [1]
  .near_func.text    ro code  0x008e4d    0x9  SoftPwm_Control.o [1]
  .near_func.text    ro code  0x008e56    0x9  SoftPwm_Control.o [1]
  .near_func.text    ro code  0x008e5f    0x9  stm8l10x_tim3.o [1]
  .near_func.text    ro code  0x008e68    0x8  Motor_Control.o [1]
  .near_func.text    ro code  0x008e70    0x8  Motor_Control.o [1]
  .near_func.text    ro code  0x008e78    0x8  Motor_Control.o [1]
  .near_func.text    ro code  0x008e80    0x8  Motor_Control.o [1]
  .near_func.text    ro code  0x008e88    0x8  Motor_Control.o [1]
  .near_func.text    ro code  0x008e90    0x8  Motor_Control.o [1]
  .near_func.text    ro code  0x008e98    0x8  Motor_Control.o [1]
  .near_func.text    ro code  0x008ea0    0x8  Motor_Control.o [1]
  .near_func.text    ro code  0x008ea8    0x8  Motor_Control.o [1]
  .near_func.text    ro code  0x008eb0    0x8  Motor_Control.o [1]
  .near_func.text    ro code  0x008eb8    0x8  Motor_Control.o [1]
  .near_func.text    ro code  0x008ec0    0x8  Motor_Control.o [1]
  .near_func.text    ro code  0x008ec8    0x8  Motor_Control.o [1]
  .near_func.text    ro code  0x008ed0    0x8  Motor_Control.o [1]
  .near_func.text    ro code  0x008ed8    0x8  Motor_Control.o [1]
  .near_func.text    ro code  0x008ee0    0x8  Motor_Control.o [1]
  .near_func.text    ro code  0x008ee8    0x8  Motor_Control.o [1]
  .near_func.text    ro code  0x008ef0    0x8  Motor_Control.o [1]
  .near_func.text    ro code  0x008ef8    0x8  Motor_Control.o [1]
  .near_func.text    ro code  0x008f00    0x8  Motor_Control.o [1]
  .near_func.text    ro code  0x008f08    0x8  Motor_Control.o [1]
  .near_func.text    ro code  0x008f10    0x8  Motor_Control.o [1]
  .near_func.text    ro code  0x008f18    0x8  Motor_Control.o [1]
  .near_func.text    ro code  0x008f20    0x8  Motor_Control.o [1]
  .near_func.text    ro code  0x008f28    0x8  SoftPwm_Control.o [1]
  .near_func.text    ro code  0x008f30    0x7  stm8l10x_gpio.o [1]
  .near_func.text    ro code  0x008f37    0x7  stm8l10x_gpio.o [1]
  .near_func.text    ro code  0x008f3e    0x7  stm8l10x_gpio.o [1]
  .near_func.text    ro code  0x008f45    0x7  stm8l10x_it.o [1]
  .near_func.text    ro code  0x008f4c    0x6  Motor_Control.o [1]
  .near_func.text    ro code  0x008f52    0x6  Motor_Control.o [1]
  .near_func.text    ro code  0x008f58    0x6  char.o [4]
  .near_func.text    ro code  0x008f5e    0x5  stm8l10x_tim3.o [1]
  .near_func.text    ro code  0x008f63    0x5  stm8l10x_tim4.o [1]
  .near_func.text    ro code  0x008f68    0x5  stm8l10x_usart.o [1]
  .near_func.text    ro code  0x008f6d    0x5  cexit.o [4]
  .near_func.text    ro code  0x008f72    0x4  stm8l10x_gpio.o [1]
  .near_func.text    ro code  0x008f76    0x4  stm8l10x_usart.o [1]
  .near_func.text    ro code  0x008f7a    0x4  stm8l10x_usart.o [1]
  .near_func.text    ro code  0x008f7e    0x3  interrupt.o [4]
  .near_func.text    ro code  0x008f81    0x3  low_level_init.o [4]
  .near_func.text    ro code  0x008f84    0x3  exit.o [4]
  .near_func.text    ro code  0x008f87    0x3  unhandled_exception.o [4]
  .near_func.text    ro code  0x008f8a    0x1  stm8l10x_it.o [1]
  .near_func.text    ro code  0x008f8b    0x1  stm8l10x_it.o [1]
  .near_func.text    ro code  0x008f8c    0x1  stm8l10x_it.o [1]
  .near_func.text    ro code  0x008f8d    0x1  stm8l10x_it.o [1]
  .near_func.text    ro code  0x008f8e    0x1  stm8l10x_it.o [1]
  .near_func.text    ro code  0x008f8f    0x1  stm8l10x_it.o [1]
  .near_func.text    ro code  0x008f90    0x1  stm8l10x_it.o [1]
  .near_func.text    ro code  0x008f91    0x1  stm8l10x_it.o [1]
  .near_func.text    ro code  0x008f92    0x1  stm8l10x_it.o [1]
  .near_func.text    ro code  0x008f93    0x1  stm8l10x_it.o [1]
  .near_func.text    ro code  0x008f94    0x1  stm8l10x_it.o [1]
  .near_func.text    ro code  0x008f95    0x1  stm8l10x_it.o [1]
  .near_func.text    ro code  0x008f96    0x1  stm8l10x_it.o [1]
  .near_func.text    ro code  0x008f97    0x1  stm8l10x_it.o [1]
  .near_func.text    ro code  0x008f98    0x1  stm8l10x_it.o [1]
  .near_func.text    ro code  0x008f99    0x1  stm8l10x_it.o [1]
  .near_func.text    ro code  0x008f9a    0x1  stm8l10x_it.o [1]
  .near_func.text    ro code  0x008f9b    0x1  stm8l10x_it.o [1]
  .near_func.text    ro code  0x008f9c    0x1  stm8l10x_it.o [1]
  .near_func.text    ro code  0x008f9d    0x1  __dbg_break.o [3]
                            - 0x008f9e  0xf1e


*******************************************************************************
*** INIT TABLE
***

          Address   Size
          -------   ----
Zero (__iar_zero_init2)
    1 destination range, total size 0x70:
          0x000089  0x70

Copy (__iar_copy_init2)
    1 source range, total size 0x79:
          0x008897  0x79
    1 destination range, total size 0x79:
          0x000010  0x79



*******************************************************************************
*** MODULE SUMMARY
***

    Module                 ro code  ro data  rw data
    ------                 -------  -------  -------
C:\Users\WanBean\Desktop\excavator_esc\Project\Debug\Obj: [1]
    Motor_Control.o            445       24       24
    Receiver_PPM.o             496       73       99
    SoftPwm_Control.o          403       24      108
    main.o                     147                 2
    stm8l10x_clk.o              40
    stm8l10x_exti.o            207
    stm8l10x_gpio.o            107
    stm8l10x_it.o              125
    stm8l10x_tim3.o            233
    stm8l10x_tim4.o              5
    stm8l10x_usart.o            13
    ------------------------------------------------
    Total:                   2 221      121      233

command line: [2]
    ------------------------------------------------
    Total:

dbgstm8smd.a: [3]
    __dbg_break.o                1
    __dbg_xxexit.o              20
    ------------------------------------------------
    Total:                      21

dlstm8smn.a: [4]
    cexit.o                      5
    char.o                       6
    cstartup.o                  19
    dc_util.o                   24
    exit.o                       3
    float.o                    734
    init.o                      20
    init_small.o                70
    interrupt.o                  3      128
    long.o                     296
    long_util.o                 99
    low_level_init.o             3
    unhandled_exception.o        3
    vreg_util.o                204
    vregs.o                                       16
    ------------------------------------------------
    Total:                   1 489      128       16

    Linker created                       18      256
----------------------------------------------------
    Grand Total:             3 731      267      505


*******************************************************************************
*** ENTRY LIST
***

Entry                    Address   Size  Type      Object
-----                    -------   ----  ----      ------
.iar.init_table$$Base   0x008c43          --   Gb  - Linker created -
.iar.init_table$$Limit  0x008c55          --   Gb  - Linker created -
?add32_l0_l0_0x         0x008392         Code  Gb  long.o [4]
?add32_l0_l0_dl         0x00838a         Code  Gb  long.o [4]
?add32_l0_l0_l1         0x00838f         Code  Gb  long.o [4]
?b0                     0x000000         Data  Gb  vregs.o [4]
?b1                     0x000001         Data  Gb  vregs.o [4]
?b10                    0x00000a         Data  Gb  vregs.o [4]
?b11                    0x00000b         Data  Gb  vregs.o [4]
?b12                    0x00000c         Data  Gb  vregs.o [4]
?b13                    0x00000d         Data  Gb  vregs.o [4]
?b14                    0x00000e         Data  Gb  vregs.o [4]
?b15                    0x00000f         Data  Gb  vregs.o [4]
?b2                     0x000002         Data  Gb  vregs.o [4]
?b3                     0x000003         Data  Gb  vregs.o [4]
?b4                     0x000004         Data  Gb  vregs.o [4]
?b5                     0x000005         Data  Gb  vregs.o [4]
?b6                     0x000006         Data  Gb  vregs.o [4]
?b7                     0x000007         Data  Gb  vregs.o [4]
?b8                     0x000008         Data  Gb  vregs.o [4]
?b9                     0x000009         Data  Gb  vregs.o [4]
?dc32_l1                0x008d2e         Code  Gb  dc_util.o [4]
?dc32_px                0x008d3b         Code  Gb  dc_util.o [4]
?dec32_0x_0x            0x008376         Code  Gb  long.o [4]
?dec32_l1_l1            0x008371         Code  Gb  long.o [4]
?e0                     0x000001         Data  Gb  vregs.o [4]
?e1                     0x000005         Data  Gb  vregs.o [4]
?e2                     0x000009         Data  Gb  vregs.o [4]
?e3                     0x00000d         Data  Gb  vregs.o [4]
?epilogue_l2            0x008732         Code  Gb  vreg_util.o [4]
?epilogue_l2_l3         0x00872f         Code  Gb  vreg_util.o [4]
?epilogue_w4            0x008736         Code  Gb  vreg_util.o [4]
?fcastf32u16_l0_x       0x0081ce         Code  Gb  float.o [4]
?fcasts16f32_x_l0       0x0081ec         Code  Gb  float.o [4]
?fcastu32f32_l0_l0      0x008221         Code  Gb  float.o [4]
?fdiv32_l0_l0_l1        0x008120         Code  Gb  float.o [4]
?fmul32_l0_l0_dc32      0x008080         Code  Gb  float.o [4]
?fmul32_l0_l0_l1        0x008085         Code  Gb  float.o [4]
?inc32_0x_0x            0x008363         Code  Gb  long.o [4]
?inc32_l2_l2            0x00835e         Code  Gb  long.o [4]
?l0                     0x000000         Data  Gb  vregs.o [4]
?l1                     0x000004         Data  Gb  vregs.o [4]
?l2                     0x000008         Data  Gb  vregs.o [4]
?l3                     0x00000c         Data  Gb  vregs.o [4]
?load32_0x_l0           0x008af9         Code  Gb  long_util.o [4]
?load32_0x_l1           0x008b07         Code  Gb  long_util.o [4]
?load32_0x_l2           0x008b15         Code  Gb  long_util.o [4]
?load32_asp_l0          0x008aed         Code  Gb  long_util.o [4]
?load32_dbsp_l0         0x008ae8         Code  Gb  long_util.o [4]
?load32_l0_0x           0x008ad0         Code  Gb  long_util.o [4]
?load32_l0_asp          0x008ac5         Code  Gb  long_util.o [4]
?load32_l0_dbsp         0x008ac0         Code  Gb  long_util.o [4]
?load32_l0_xsp          0x008ac7         Code  Gb  long_util.o [4]
?load32_l1_0x           0x008adc         Code  Gb  long_util.o [4]
?load32_xsp_l0          0x008aef         Code  Gb  long_util.o [4]
?mov_e0_e1              0x00874b         Code  Gb  vreg_util.o [4]
?mov_e0_e2              0x008758         Code  Gb  vreg_util.o [4]
?mov_e1_e0              0x008765         Code  Gb  vreg_util.o [4]
?mov_l0_l1              0x008748         Code  Gb  vreg_util.o [4]
?mov_l0_l2              0x008755         Code  Gb  vreg_util.o [4]
?mov_l1_l0              0x008762         Code  Gb  vreg_util.o [4]
?mov_w1_w3              0x00874e         Code  Gb  vreg_util.o [4]
?mov_w1_w4              0x00873a         Code  Gb  vreg_util.o [4]
?mov_w1_w5              0x00875b         Code  Gb  vreg_util.o [4]
?mov_w2_w1              0x008741         Code  Gb  vreg_util.o [4]
?mov_w3_w1              0x008768         Code  Gb  vreg_util.o [4]
?pop_l0                 0x0086fb         Code  Gb  vreg_util.o [4]
?pop_l1                 0x008706         Code  Gb  vreg_util.o [4]
?pop_l2                 0x008711         Code  Gb  vreg_util.o [4]
?pop_l3                 0x00871c         Code  Gb  vreg_util.o [4]
?pop_w4                 0x0086bb         Code  Gb  vreg_util.o [4]
?push_l0                0x0086ca         Code  Gb  vreg_util.o [4]
?push_l1                0x0086cf         Code  Gb  vreg_util.o [4]
?push_l2                0x0086d4         Code  Gb  vreg_util.o [4]
?push_l3                0x0086d9         Code  Gb  vreg_util.o [4]
?push_w4                0x0086a3         Code  Gb  vreg_util.o [4]
?sdiv32_l0_l0_dl        0x008432         Code  Gb  long.o [4]
?sdiv32_l0_l0_l1        0x008435         Code  Gb  long.o [4]
?sll8_a_a_5             0x008f59         Code  Gb  char.o [4]
?sll8_a_a_6             0x008f58         Code  Gb  char.o [4]
?smod32_l1_l0_l1        0x008435         Code  Gb  long.o [4]
?sub32_l0_l0_0x         0x0083ad         Code  Gb  long.o [4]
?sub32_l0_l0_l1         0x0083aa         Code  Gb  long.o [4]
?ucmp32_c_l0_l1         0x00847b         Code  Gb  long.o [4]
?udiv32_l0_l0_l1        0x0083c5         Code  Gb  long.o [4]
?umod32_l1_l0_l1        0x0083c5         Code  Gb  long.o [4]
?w0                     0x000000         Data  Gb  vregs.o [4]
?w1                     0x000002         Data  Gb  vregs.o [4]
?w2                     0x000004         Data  Gb  vregs.o [4]
?w3                     0x000006         Data  Gb  vregs.o [4]
?w4                     0x000008         Data  Gb  vregs.o [4]
?w5                     0x00000a         Data  Gb  vregs.o [4]
?w6                     0x00000c         Data  Gb  vregs.o [4]
?w7                     0x00000e         Data  Gb  vregs.o [4]
AWU_IRQHandler          0x008f8c    0x1  Code  Gb  stm8l10x_it.o [1]
CLK_MasterPrescalerConfig
                        0x008dd3   0x10  Code  Gb  stm8l10x_clk.o [1]
CLK_PeripheralClockConfig
                        0x008cfe   0x18  Code  Gb  stm8l10x_clk.o [1]
COMP_IRQHandler         0x008f96    0x1  Code  Gb  stm8l10x_it.o [1]
CSTACK$$Base            0x000500          --   Gb  - Linker created -
CSTACK$$Limit           0x000600          --   Gb  - Linker created -
Control_Data            0x0000d1   0x13  Data  Gb  Receiver_PPM.o [1]
EXTI0_IRQHandler        0x008c55   0x20  Code  Gb  stm8l10x_it.o [1]
EXTI1_IRQHandler        0x008f8f    0x1  Code  Gb  stm8l10x_it.o [1]
EXTI2_IRQHandler        0x008f90    0x1  Code  Gb  stm8l10x_it.o [1]
EXTI3_IRQHandler        0x008f91    0x1  Code  Gb  stm8l10x_it.o [1]
EXTI4_IRQHandler        0x008f92    0x1  Code  Gb  stm8l10x_it.o [1]
EXTI5_IRQHandler        0x008f93    0x1  Code  Gb  stm8l10x_it.o [1]
EXTI6_IRQHandler        0x008f94    0x1  Code  Gb  stm8l10x_it.o [1]
EXTI7_IRQHandler        0x008f95    0x1  Code  Gb  stm8l10x_it.o [1]
EXTIB_IRQHandler        0x008f8d    0x1  Code  Gb  stm8l10x_it.o [1]
EXTID_IRQHandler        0x008f8e    0x1  Code  Gb  stm8l10x_it.o [1]
EXTI_ClearITPendingBit  0x008d46   0x16  Code  Gb  stm8l10x_exti.o [1]
EXTI_DeInit             0x008ccc   0x19  Code  Gb  stm8l10x_exti.o [1]
EXTI_SetPinSensitivity  0x00876f   0xa0  Code  Gb  stm8l10x_exti.o [1]
FLASH_IRQHandler        0x008f8b    0x1  Code  Gb  stm8l10x_it.o [1]
GPIO_Init               0x008b23   0x52  Code  Gb  stm8l10x_gpio.o [1]
GPIO_ReadInputDataBit   0x008f3e    0x7  Code  Gb  stm8l10x_gpio.o [1]
GPIO_ResetBits          0x008f72    0x4  Code  Gb  stm8l10x_gpio.o [1]
GPIO_SetBits            0x008f30    0x7  Code  Gb  stm8l10x_gpio.o [1]
GPIO_ToggleBits         0x008f37    0x7  Code  Gb  stm8l10x_gpio.o [1]
I2C_IRQHandler          0x008f9c    0x1  Code  Gb  stm8l10x_it.o [1]
INTVEC$$Base            0x008000          --   Gb  - Linker created -
INTVEC$$Limit           0x008080          --   Gb  - Linker created -
Motor1DirB              0x008ef8    0x8  Code  Gb  Motor_Control.o [1]
Motor1DirF              0x008ec8    0x8  Code  Gb  Motor_Control.o [1]
Motor1OutH              0x008e68    0x8  Code  Gb  Motor_Control.o [1]
Motor1OutL              0x008e98    0x8  Code  Gb  Motor_Control.o [1]
Motor2DirB              0x008f00    0x8  Code  Gb  Motor_Control.o [1]
Motor2DirF              0x008ed0    0x8  Code  Gb  Motor_Control.o [1]
Motor2OutH              0x008e70    0x8  Code  Gb  Motor_Control.o [1]
Motor2OutL              0x008ea0    0x8  Code  Gb  Motor_Control.o [1]
Motor3DirB              0x008f08    0x8  Code  Gb  Motor_Control.o [1]
Motor3DirF              0x008ed8    0x8  Code  Gb  Motor_Control.o [1]
Motor3OutH              0x008e78    0x8  Code  Gb  Motor_Control.o [1]
Motor3OutL              0x008ea8    0x8  Code  Gb  Motor_Control.o [1]
Motor4DirB              0x008f10    0x8  Code  Gb  Motor_Control.o [1]
Motor4DirF              0x008ee0    0x8  Code  Gb  Motor_Control.o [1]
Motor4OutH              0x008e80    0x8  Code  Gb  Motor_Control.o [1]
Motor4OutL              0x008eb0    0x8  Code  Gb  Motor_Control.o [1]
Motor5DirB              0x008f18    0x8  Code  Gb  Motor_Control.o [1]
Motor5DirF              0x008ee8    0x8  Code  Gb  Motor_Control.o [1]
Motor5OutH              0x008e88    0x8  Code  Gb  Motor_Control.o [1]
Motor5OutL              0x008eb8    0x8  Code  Gb  Motor_Control.o [1]
Motor6DirB              0x008f20    0x8  Code  Gb  Motor_Control.o [1]
Motor6DirF              0x008ef0    0x8  Code  Gb  Motor_Control.o [1]
Motor6OutH              0x008e90    0x8  Code  Gb  Motor_Control.o [1]
Motor6OutL              0x008ec0    0x8  Code  Gb  Motor_Control.o [1]
MotorDirBackwardsFunc   0x00001c    0xc  Data  Gb  Motor_Control.o [1]
MotorDirForwardFunc     0x000010    0xc  Data  Gb  Motor_Control.o [1]
MotorGPIO_Init          0x0089ef   0x6c  Code  Lc  Motor_Control.o [1]
Motor_Init              0x008c75   0x1e  Code  Gb  Motor_Control.o [1]
Motor_Process           0x008bba   0x3b  Code  Gb  Motor_Control.o [1]
PPM_Decode              0x00880f   0x88  Code  Gb  Receiver_PPM.o [1]
PPM_Decode::Last_RisingEdge_Time
                        0x0000f6    0x2  Data  Lc  Receiver_PPM.o [1]
PPM_Decode::PPM_CH      0x0000f8    0x1  Data  Lc  Receiver_PPM.o [1]
PPM_Reveiver_Init       0x008b75   0x45  Code  Gb  Receiver_PPM.o [1]
PWM_CurrentData         0x000028   0x49  Data  Gb  Receiver_PPM.o [1]
PWM_DeviceTurnOffFunc   0x00007d    0xc  Data  Gb  SoftPwm_Control.o [1]
PWM_DeviceTurnOnFunc    0x000071    0xc  Data  Gb  SoftPwm_Control.o [1]
Region$$Table$$Base     0x008c43          --   Gb  - Linker created -
Region$$Table$$Limit    0x008c55          --   Gb  - Linker created -
SPI_IRQHandler          0x008f9a    0x1  Code  Gb  stm8l10x_it.o [1]
SoftPwmDevice           0x000089   0x48  Data  Gb  SoftPwm_Control.o [1]
SoftPwmInit             0x008910   0x72  Code  Gb  SoftPwm_Control.o [1]
TIM2_CAP_IRQHandler     0x008f98    0x1  Code  Gb  stm8l10x_it.o [1]
TIM2_UPD_OVF_TRG_BRK_IRQHandler
                        0x008f97    0x1  Code  Gb  stm8l10x_it.o [1]
TIM3_ARRPreloadConfig   0x008dfd    0xd  Code  Gb  stm8l10x_tim3.o [1]
TIM3_CAP_IRQHandler     0x008f99    0x1  Code  Gb  stm8l10x_it.o [1]
TIM3_ClearFlag          0x008e42    0xb  Code  Gb  stm8l10x_tim3.o [1]
TIM3_ClearITPendingBit  0x008f5e    0x5  Code  Gb  stm8l10x_tim3.o [1]
TIM3_Cmd                0x008df0    0xd  Code  Gb  stm8l10x_tim3.o [1]
TIM3_DeInit             0x008a5b   0x65  Code  Gb  stm8l10x_tim3.o [1]
TIM3_GetCounter         0x008e0a    0xc  Code  Gb  stm8l10x_tim3.o [1]
TIM3_ITConfig           0x008d16   0x18  Code  Gb  stm8l10x_tim3.o [1]
TIM3_TimeBaseInit       0x008cb1   0x1b  Code  Gb  stm8l10x_tim3.o [1]
TIM3_UPD_OVF_TRG_BRK_IRQHandler
                        0x008d5c   0x15  Code  Gb  stm8l10x_it.o [1]
TIM4_ClearITPendingBit  0x008f63    0x5  Code  Gb  stm8l10x_tim4.o [1]
TIM4_UPD_OVF_IRQHandler
                        0x008d71   0x15  Code  Gb  stm8l10x_it.o [1]
TRAP_IRQHandler         0x008f8a    0x1  Code  Gb  stm8l10x_it.o [1]
Throttle_Analysis       0x008486  0x116  Code  Gb  Receiver_PPM.o [1]
Throttle_Analysis::pwm_float
                        0x0000e4    0x4  Data  Lc  Receiver_PPM.o [1]
USART_ClearITPendingBit
                        0x008f68    0x5  Code  Gb  stm8l10x_usart.o [1]
USART_RX_IRQHandler     0x008ce5   0x19  Code  Gb  stm8l10x_it.o [1]
USART_ReceiveData8      0x008f76    0x4  Code  Gb  stm8l10x_usart.o [1]
USART_SendData8         0x008f7a    0x4  Code  Gb  stm8l10x_usart.o [1]
USART_TX_IRQHandler     0x008f9b    0x1  Code  Gb  stm8l10x_it.o [1]
__DebugBreak            0x008f9d    0x1  Code  Gb  __dbg_break.o [3]
__exit                  0x008d9a   0x14  Code  Gb  __dbg_xxexit.o [3]
__iar_copy_init2        0x008bf5         Code  Gb  init_small.o [4]
__iar_data_init2        0x008d86   0x14  Code  Gb  init.o [4]
__iar_program_start     0x008dae         Code  Gb  cstartup.o [4]
__iar_unhandled_exception
                        0x008f87         Code  Gb  unhandled_exception.o [4]
__iar_zero_init2        0x008c93         Code  Gb  init_small.o [4]
__intvec                0x008000         Data  Gb  interrupt.o [4]
__low_level_init        0x008f81    0x3  Code  Gb  low_level_init.o [4]
_exit                   0x008f6d         Code  Gb  cexit.o [4]
_interrupt_1            0x008f8a         Code  Gb  stm8l10x_it.o [1]
_interrupt_10           0x008c55         Code  Gb  stm8l10x_it.o [1]
_interrupt_11           0x008f8f         Code  Gb  stm8l10x_it.o [1]
_interrupt_12           0x008f90         Code  Gb  stm8l10x_it.o [1]
_interrupt_13           0x008f91         Code  Gb  stm8l10x_it.o [1]
_interrupt_14           0x008f92         Code  Gb  stm8l10x_it.o [1]
_interrupt_15           0x008f93         Code  Gb  stm8l10x_it.o [1]
_interrupt_16           0x008f94         Code  Gb  stm8l10x_it.o [1]
_interrupt_17           0x008f95         Code  Gb  stm8l10x_it.o [1]
_interrupt_20           0x008f96         Code  Gb  stm8l10x_it.o [1]
_interrupt_21           0x008f97         Code  Gb  stm8l10x_it.o [1]
_interrupt_22           0x008f98         Code  Gb  stm8l10x_it.o [1]
_interrupt_23           0x008d5c         Code  Gb  stm8l10x_it.o [1]
_interrupt_24           0x008f99         Code  Gb  stm8l10x_it.o [1]
_interrupt_27           0x008d71         Code  Gb  stm8l10x_it.o [1]
_interrupt_28           0x008f9a         Code  Gb  stm8l10x_it.o [1]
_interrupt_29           0x008f9b         Code  Gb  stm8l10x_it.o [1]
_interrupt_3            0x008f8b         Code  Gb  stm8l10x_it.o [1]
_interrupt_30           0x008ce5         Code  Gb  stm8l10x_it.o [1]
_interrupt_31           0x008f9c         Code  Gb  stm8l10x_it.o [1]
_interrupt_6            0x008f8c         Code  Gb  stm8l10x_it.o [1]
_interrupt_8            0x008f8d         Code  Gb  stm8l10x_it.o [1]
_interrupt_9            0x008f8e         Code  Gb  stm8l10x_it.o [1]
exit                    0x008f84    0x3  Code  Gb  exit.o [4]
i                       0x0000f4    0x2  Data  Gb  main.o [1]
main                    0x008982   0x6d  Code  Gb  main.o [1]
soft_pwm                0x00859c  0x107  Code  Gb  SoftPwm_Control.o [1]
soft_pwm::on_time       0x0000ec    0x4  Data  Lc  SoftPwm_Control.o [1]
soft_pwm::pwm_float     0x0000f0    0x4  Data  Lc  SoftPwm_Control.o [1]
soft_pwm::sys_cnt_now   0x0000e8    0x4  Data  Lc  SoftPwm_Control.o [1]


[1] = C:\Users\WanBean\Desktop\excavator_esc\Project\Debug\Obj
[2] = command line
[3] = dbgstm8smd.a
[4] = dlstm8smn.a

  3 731 bytes of readonly  code memory
    267 bytes of readonly  data memory
    505 bytes of readwrite data memory

Errors: none
Warnings: none
