###############################################################################
#
# IAR ELF Linker V3.10.1.201 for STM8                     25/Jul/2021  23:37:27
# Copyright 2010-2017 IAR Systems AB.
#
#    Output file  =  
#        C:\Users\WanBean\Desktop\excavator_esc\Project\Debug\Exe\STM8L101F3.out
#    Map file     =  
#        C:\Users\WanBean\Desktop\excavator_esc\Project\Debug\List\STM8L101F3.map
#    Command line =  
#        -f C:\Users\WanBean\AppData\Local\Temp\EW380B.tmp
#        (C:\Users\WanBean\Desktop\excavator_esc\Project\Debug\Obj\main.o
#        C:\Users\WanBean\Desktop\excavator_esc\Project\Debug\Obj\Motor_Control.o
#        C:\Users\WanBean\Desktop\excavator_esc\Project\Debug\Obj\Receiver_PPM.o
#        C:\Users\WanBean\Desktop\excavator_esc\Project\Debug\Obj\Servo_Control.o
#        C:\Users\WanBean\Desktop\excavator_esc\Project\Debug\Obj\SoftPwm_Control.o
#        C:\Users\WanBean\Desktop\excavator_esc\Project\Debug\Obj\stm8l10x_awu.o
#        C:\Users\WanBean\Desktop\excavator_esc\Project\Debug\Obj\stm8l10x_beep.o
#        C:\Users\WanBean\Desktop\excavator_esc\Project\Debug\Obj\stm8l10x_clk.o
#        C:\Users\WanBean\Desktop\excavator_esc\Project\Debug\Obj\stm8l10x_comp.o
#        C:\Users\WanBean\Desktop\excavator_esc\Project\Debug\Obj\stm8l10x_exti.o
#        C:\Users\WanBean\Desktop\excavator_esc\Project\Debug\Obj\stm8l10x_flash.o
#        C:\Users\WanBean\Desktop\excavator_esc\Project\Debug\Obj\stm8l10x_gpio.o
#        C:\Users\WanBean\Desktop\excavator_esc\Project\Debug\Obj\stm8l10x_i2c.o
#        C:\Users\WanBean\Desktop\excavator_esc\Project\Debug\Obj\stm8l10x_irtim.o
#        C:\Users\WanBean\Desktop\excavator_esc\Project\Debug\Obj\stm8l10x_it.o
#        C:\Users\WanBean\Desktop\excavator_esc\Project\Debug\Obj\stm8l10x_itc.o
#        C:\Users\WanBean\Desktop\excavator_esc\Project\Debug\Obj\stm8l10x_iwdg.o
#        C:\Users\WanBean\Desktop\excavator_esc\Project\Debug\Obj\stm8l10x_rst.o
#        C:\Users\WanBean\Desktop\excavator_esc\Project\Debug\Obj\stm8l10x_spi.o
#        C:\Users\WanBean\Desktop\excavator_esc\Project\Debug\Obj\stm8l10x_tim2.o
#        C:\Users\WanBean\Desktop\excavator_esc\Project\Debug\Obj\stm8l10x_tim3.o
#        C:\Users\WanBean\Desktop\excavator_esc\Project\Debug\Obj\stm8l10x_tim4.o
#        C:\Users\WanBean\Desktop\excavator_esc\Project\Debug\Obj\stm8l10x_usart.o
#        C:\Users\WanBean\Desktop\excavator_esc\Project\Debug\Obj\stm8l10x_wfe.o
#        C:\Users\WanBean\Desktop\excavator_esc\Project\Debug\Obj\Switch_Control.o
#        --redirect _Printf=_PrintfFullNoMb --redirect _Scanf=_ScanfFullNoMb -o
#        C:\Users\WanBean\Desktop\excavator_esc\Project\Debug\Exe\STM8L101F3.out
#        --map
#        C:\Users\WanBean\Desktop\excavator_esc\Project\Debug\List\STM8L101F3.map
#        --config "D:\Program Files (x86)\IAR Systems\Embedded Workbench
#        8.0\stm8\config\lnkstm8l101f3.icf" --config_def _CSTACK_SIZE=0x100
#        --config_def _HEAP_SIZE=0x100 --entry __iar_program_start --debug_lib)
#
###############################################################################

*******************************************************************************
*** RUNTIME MODEL ATTRIBUTES
***

__SystemLibrary            = DLib
__code_model               = small
__core                     = stm8
__data_model               = medium
__dlib_file_descriptor     = 0
__dlib_full_locale_support = 0
__rt_version               = 4


*******************************************************************************
*** PLACEMENT SUMMARY
***

"A0":  place at start of [0x000000-0x0000ff] { rw section .vregs };
"A1":  place at end of [0x000000-0x0005ff] { block CSTACK };
"P2":  place in [from 0x000000 to 0x0005ff] {
          block HEAP, rw section __DLIB_PERTHREAD, rw section .far.bss,
          rw section .far.data, rw section .far.noinit,
          rw section .far_func.textrw, rw section .huge.bss,
          rw section .huge.data, rw section .huge.noinit,
          rw section .huge_func.textrw, rw section .iar.dynexit,
          rw section .near.bss, rw section .near.data, rw section .near.noinit,
          rw section .near_func.textrw };
"A2":  place at start of [0x008000-0x009fff] { block INTVEC };
"P3":  place in [from 0x008000 to 0x009fff] {
          ro section __DLIB_PERTHREAD_init, ro section .far.data_init,
          ro section .far_func.textrw_init, ro section .huge.data_init,
          ro section .huge_func.textrw_init, ro section .iar.init_table,
          ro section .init_array, ro section .near.data_init,
          ro section .near.rodata, ro section .near_func.text,
          ro section .near_func.textrw_init, ro section .tiny.data_init,
          ro section .tiny.rodata_init };
"P4":  place in [from 0x008000 to 0x009fff] {
          ro section .far.rodata, ro section .far_func.text };
"P5":  place in [from 0x008000 to 0x009fff] {
          ro section .huge.rodata, ro section .huge_func.text };
do not initialize {
   rw section .far.noinit, rw section .huge.noinit, rw section .near.noinit,
   rw section .tiny.noinit, rw section .vregs };
initialize by copy {
   rw section .far.bss, rw section .far.data, rw section .far_func.textrw,
   rw section .huge.bss, rw section .huge.data, rw section .huge_func.textrw,
   rw section .iar.dynexit, rw section .near.bss, rw section .near.data,
   rw section .near_func.textrw, rw section .tiny.bss, rw section .tiny.data,
   ro section .tiny.rodata };

  Section            Kind      Address   Size  Object
  -------            ----      -------   ----  ------
"A0":                                    0x10
  .vregs             uninit   0x000000   0x10  vregs.o [4]
                            - 0x000010   0x10

"P2", part 1 of 2:                       0x61
  P2-1                        0x000010   0x61  <Init block>
    .near.data       inited   0x000010   0x49  Receiver_PPM.o [1]
    .near.data       inited   0x000059    0xc  SoftPwm_Control.o [1]
    .near.data       inited   0x000065    0xc  SoftPwm_Control.o [1]
                            - 0x000071   0x61

"P2", part 2 of 2:                       0x4b
  .near.bss          zero     0x000071   0x48  SoftPwm_Control.o [1]
  .near.bss          zero     0x0000b9    0x2  Receiver_PPM.o [1]
  .near.bss          zero     0x0000bb    0x1  Receiver_PPM.o [1]
                            - 0x0000bc   0x4b

"A1":                                   0x100
  CSTACK                      0x000500  0x100  <Block>
    CSTACK           uninit   0x000500  0x100  <Block tail>
                            - 0x000600  0x100

"A2":                                    0x80
  INTVEC                      0x008000   0x80  <Block>
    .intvec          const    0x008000   0x80  interrupt.o [4]
                            - 0x008080   0x80

"P3-P5":                                0x9bd
  .near_func.text    ro code  0x008080  0x112  long.o [4]
  .near_func.text    ro code  0x008192   0xda  SoftPwm_Control.o [1]
  .near_func.text    ro code  0x00826c   0xcc  vreg_util.o [4]
  .near_func.text    ro code  0x008338   0xa0  stm8l10x_exti.o [1]
  .near_func.text    ro code  0x0083d8   0x88  Receiver_PPM.o [1]
  .near_func.text    ro code  0x008460   0x74  long_util.o [4]
  .near_func.text    ro code  0x0084d4   0x72  SoftPwm_Control.o [1]
  .near_func.text    ro code  0x008546   0x65  stm8l10x_tim2.o [1]
  Initializer bytes  const    0x0085ab   0x61  <for P2-1>
  .near_func.text    ro code  0x00860c   0x52  stm8l10x_gpio.o [1]
  .near_func.text    ro code  0x00865e   0x43  Motor_Control.o [1]
  .near_func.text    ro code  0x0086a1   0x32  main.o [1]
  .near_func.text    ro code  0x0086d3   0x2d  stm8l10x_tim3.o [1]
  .near_func.text    ro code  0x008700   0x2a  Motor_Control.o [1]
  .near_func.text    ro code  0x00872a   0x28  init_small.o [4]
  .iar.init_table    const    0x008752   0x12  - Linker created -
  .near_func.text    ro code  0x008764   0x20  main.o [1]
  .near_func.text    ro code  0x008784   0x20  stm8l10x_it.o [1]
  .near_func.text    ro code  0x0087a4   0x1e  short.o [4]
  .near_func.text    ro code  0x0087c2   0x1e  init_small.o [4]
  .near_func.text    ro code  0x0087e0   0x1b  stm8l10x_tim2.o [1]
  .near_func.text    ro code  0x0087fb   0x1a  stm8l10x_it.o [1]
  .near_func.text    ro code  0x008815   0x19  stm8l10x_exti.o [1]
  .near_func.text    ro code  0x00882e   0x19  stm8l10x_it.o [1]
  .near_func.text    ro code  0x008847   0x18  stm8l10x_clk.o [1]
  .near_func.text    ro code  0x00885f   0x18  dc_util.o [4]
  .near_func.text    ro code  0x008877   0x17  Receiver_PPM.o [1]
  .near_func.text    ro code  0x00888e   0x16  stm8l10x_exti.o [1]
  .near_func.text    ro code  0x0088a4   0x15  stm8l10x_it.o [1]
  .near_func.text    ro code  0x0088b9   0x14  init.o [4]
  .near_func.text    ro code  0x0088cd   0x14  __dbg_xxexit.o [3]
  .near_func.text    ro code  0x0088e1   0x13  cstartup.o [4]
  .near_func.text    ro code  0x0088f4   0x12  stm8l10x_tim2.o [1]
  .near_func.text    ro code  0x008906   0x12  stm8l10x_tim3.o [1]
  .near_func.text    ro code  0x008918   0x10  stm8l10x_clk.o [1]
  .near_func.text    ro code  0x008928    0xd  stm8l10x_tim2.o [1]
  .near_func.text    ro code  0x008935    0xd  stm8l10x_tim2.o [1]
  .near_func.text    ro code  0x008942    0xc  stm8l10x_tim2.o [1]
  .near_func.text    ro code  0x00894e    0xc  stm8l10x_tim3.o [1]
  .near_func.text    ro code  0x00895a    0xb  Motor_Control.o [1]
  .near_func.text    ro code  0x008965    0xb  Motor_Control.o [1]
  .near_func.text    ro code  0x008970    0x9  stm8l10x_tim2.o [1]
  .near_func.text    ro code  0x008979    0x8  Motor_Control.o [1]
  .near_func.text    ro code  0x008981    0x8  Motor_Control.o [1]
  .near_func.text    ro code  0x008989    0x8  Motor_Control.o [1]
  .near_func.text    ro code  0x008991    0x8  Motor_Control.o [1]
  .near_func.text    ro code  0x008999    0x8  Motor_Control.o [1]
  .near_func.text    ro code  0x0089a1    0x8  Motor_Control.o [1]
  .near_func.text    ro code  0x0089a9    0x8  Motor_Control.o [1]
  .near_func.text    ro code  0x0089b1    0x8  Motor_Control.o [1]
  .near_func.text    ro code  0x0089b9    0x8  Motor_Control.o [1]
  .near_func.text    ro code  0x0089c1    0x8  Motor_Control.o [1]
  .near_func.text    ro code  0x0089c9    0x8  Motor_Control.o [1]
  .near_func.text    ro code  0x0089d1    0x8  Motor_Control.o [1]
  .near_func.text    ro code  0x0089d9    0x7  stm8l10x_gpio.o [1]
  .near_func.text    ro code  0x0089e0    0x7  stm8l10x_gpio.o [1]
  .near_func.text    ro code  0x0089e7    0x7  stm8l10x_it.o [1]
  .near_func.text    ro code  0x0089ee    0x6  main.o [1]
  .near_func.text    ro code  0x0089f4    0x6  char.o [4]
  .near_func.text    ro code  0x0089fa    0x5  stm8l10x_tim3.o [1]
  .near_func.text    ro code  0x0089ff    0x5  stm8l10x_tim4.o [1]
  .near_func.text    ro code  0x008a04    0x5  stm8l10x_usart.o [1]
  .near_func.text    ro code  0x008a09    0x5  cexit.o [4]
  .near_func.text    ro code  0x008a0e    0x4  stm8l10x_gpio.o [1]
  .near_func.text    ro code  0x008a12    0x4  stm8l10x_usart.o [1]
  .near_func.text    ro code  0x008a16    0x4  stm8l10x_usart.o [1]
  .near_func.text    ro code  0x008a1a    0x3  Motor_Control.o [1]
  .near_func.text    ro code  0x008a1d    0x3  interrupt.o [4]
  .near_func.text    ro code  0x008a20    0x3  low_level_init.o [4]
  .near_func.text    ro code  0x008a23    0x3  exit.o [4]
  .near_func.text    ro code  0x008a26    0x3  unhandled_exception.o [4]
  .near_func.text    ro code  0x008a29    0x1  stm8l10x_it.o [1]
  .near_func.text    ro code  0x008a2a    0x1  stm8l10x_it.o [1]
  .near_func.text    ro code  0x008a2b    0x1  stm8l10x_it.o [1]
  .near_func.text    ro code  0x008a2c    0x1  stm8l10x_it.o [1]
  .near_func.text    ro code  0x008a2d    0x1  stm8l10x_it.o [1]
  .near_func.text    ro code  0x008a2e    0x1  stm8l10x_it.o [1]
  .near_func.text    ro code  0x008a2f    0x1  stm8l10x_it.o [1]
  .near_func.text    ro code  0x008a30    0x1  stm8l10x_it.o [1]
  .near_func.text    ro code  0x008a31    0x1  stm8l10x_it.o [1]
  .near_func.text    ro code  0x008a32    0x1  stm8l10x_it.o [1]
  .near_func.text    ro code  0x008a33    0x1  stm8l10x_it.o [1]
  .near_func.text    ro code  0x008a34    0x1  stm8l10x_it.o [1]
  .near_func.text    ro code  0x008a35    0x1  stm8l10x_it.o [1]
  .near_func.text    ro code  0x008a36    0x1  stm8l10x_it.o [1]
  .near_func.text    ro code  0x008a37    0x1  stm8l10x_it.o [1]
  .near_func.text    ro code  0x008a38    0x1  stm8l10x_it.o [1]
  .near_func.text    ro code  0x008a39    0x1  stm8l10x_it.o [1]
  .near_func.text    ro code  0x008a3a    0x1  stm8l10x_it.o [1]
  .near_func.text    ro code  0x008a3b    0x1  stm8l10x_it.o [1]
  .near_func.text    ro code  0x008a3c    0x1  __dbg_break.o [3]
                            - 0x008a3d  0x9bd


*******************************************************************************
*** INIT TABLE
***

          Address   Size
          -------   ----
Zero (__iar_zero_init2)
    1 destination range, total size 0x4b:
          0x000071  0x4b

Copy (__iar_copy_init2)
    1 source range, total size 0x61:
          0x0085ab  0x61
    1 destination range, total size 0x61:
          0x000010  0x61



*******************************************************************************
*** MODULE SUMMARY
***

    Module                 ro code  ro data  rw data
    ------                 -------  -------  -------
C:\Users\WanBean\Desktop\excavator_esc\Project\Debug\Obj: [1]
    Motor_Control.o            230
    Receiver_PPM.o             159       73       76
    SoftPwm_Control.o          332       24       96
    main.o                      88
    stm8l10x_clk.o              40
    stm8l10x_exti.o            207
    stm8l10x_gpio.o            100
    stm8l10x_it.o              130
    stm8l10x_tim2.o            193
    stm8l10x_tim3.o             80
    stm8l10x_tim4.o              5
    stm8l10x_usart.o            13
    ------------------------------------------------
    Total:                   1 577       97      172

command line: [2]
    ------------------------------------------------
    Total:

dbgstm8smd.a: [3]
    __dbg_break.o                1
    __dbg_xxexit.o              20
    ------------------------------------------------
    Total:                      21

dlstm8smn.a: [4]
    cexit.o                      5
    char.o                       6
    cstartup.o                  19
    dc_util.o                   24
    exit.o                       3
    init.o                      20
    init_small.o                70
    interrupt.o                  3      128
    long.o                     274
    long_util.o                116
    low_level_init.o             3
    short.o                     30
    unhandled_exception.o        3
    vreg_util.o                204
    vregs.o                                       16
    ------------------------------------------------
    Total:                     780      128       16

    Linker created                       18      256
----------------------------------------------------
    Grand Total:             2 378      243      444


*******************************************************************************
*** ENTRY LIST
***

Entry                    Address  Size  Type      Object
-----                    -------  ----  ----      ------
.iar.init_table$$Base   0x008752         --   Gb  - Linker created -
.iar.init_table$$Limit  0x008764         --   Gb  - Linker created -
?add32_l0_l0_0x         0x00809e        Code  Gb  long.o [4]
?add32_l0_l0_dl         0x008099        Code  Gb  long.o [4]
?b0                     0x000000        Data  Gb  vregs.o [4]
?b1                     0x000001        Data  Gb  vregs.o [4]
?b10                    0x00000a        Data  Gb  vregs.o [4]
?b11                    0x00000b        Data  Gb  vregs.o [4]
?b12                    0x00000c        Data  Gb  vregs.o [4]
?b13                    0x00000d        Data  Gb  vregs.o [4]
?b14                    0x00000e        Data  Gb  vregs.o [4]
?b15                    0x00000f        Data  Gb  vregs.o [4]
?b2                     0x000002        Data  Gb  vregs.o [4]
?b3                     0x000003        Data  Gb  vregs.o [4]
?b4                     0x000004        Data  Gb  vregs.o [4]
?b5                     0x000005        Data  Gb  vregs.o [4]
?b6                     0x000006        Data  Gb  vregs.o [4]
?b7                     0x000007        Data  Gb  vregs.o [4]
?b8                     0x000008        Data  Gb  vregs.o [4]
?b9                     0x000009        Data  Gb  vregs.o [4]
?dc32_l1                0x00885f        Code  Gb  dc_util.o [4]
?dc32_px                0x00886c        Code  Gb  dc_util.o [4]
?dec32_0x_0x            0x008085        Code  Gb  long.o [4]
?dec32_l1_l1            0x008080        Code  Gb  long.o [4]
?e0                     0x000001        Data  Gb  vregs.o [4]
?e1                     0x000005        Data  Gb  vregs.o [4]
?e2                     0x000009        Data  Gb  vregs.o [4]
?e3                     0x00000d        Data  Gb  vregs.o [4]
?epilogue_l2            0x0082fb        Code  Gb  vreg_util.o [4]
?epilogue_l2_l3         0x0082f8        Code  Gb  vreg_util.o [4]
?epilogue_w4            0x0082ff        Code  Gb  vreg_util.o [4]
?l0                     0x000000        Data  Gb  vregs.o [4]
?l1                     0x000004        Data  Gb  vregs.o [4]
?l2                     0x000008        Data  Gb  vregs.o [4]
?l3                     0x00000c        Data  Gb  vregs.o [4]
?load32_0x_l0           0x008499        Code  Gb  long_util.o [4]
?load32_0x_l1           0x0084a7        Code  Gb  long_util.o [4]
?load32_0x_l2           0x0084c6        Code  Gb  long_util.o [4]
?load32_asp_l0          0x00848d        Code  Gb  long_util.o [4]
?load32_asp_l2          0x0084ba        Code  Gb  long_util.o [4]
?load32_dbsp_l0         0x008488        Code  Gb  long_util.o [4]
?load32_dbsp_l2         0x0084b5        Code  Gb  long_util.o [4]
?load32_l0_0x           0x008470        Code  Gb  long_util.o [4]
?load32_l0_asp          0x008465        Code  Gb  long_util.o [4]
?load32_l0_dbsp         0x008460        Code  Gb  long_util.o [4]
?load32_l0_xsp          0x008467        Code  Gb  long_util.o [4]
?load32_l1_0x           0x00847c        Code  Gb  long_util.o [4]
?load32_xsp_l0          0x00848f        Code  Gb  long_util.o [4]
?load32_xsp_l2          0x0084bc        Code  Gb  long_util.o [4]
?mov_e0_e2              0x008314        Code  Gb  vreg_util.o [4]
?mov_e0_e3              0x008321        Code  Gb  vreg_util.o [4]
?mov_e1_e0              0x00832e        Code  Gb  vreg_util.o [4]
?mov_l0_l2              0x008311        Code  Gb  vreg_util.o [4]
?mov_l0_l3              0x00831e        Code  Gb  vreg_util.o [4]
?mov_l1_l0              0x00832b        Code  Gb  vreg_util.o [4]
?mov_w1_w4              0x008303        Code  Gb  vreg_util.o [4]
?mov_w1_w5              0x008317        Code  Gb  vreg_util.o [4]
?mov_w1_w7              0x008324        Code  Gb  vreg_util.o [4]
?mov_w2_w1              0x00830a        Code  Gb  vreg_util.o [4]
?mov_w3_w1              0x008331        Code  Gb  vreg_util.o [4]
?mul16_x_x_w0           0x0087a4        Code  Gb  short.o [4]
?pop_l0                 0x0082c4        Code  Gb  vreg_util.o [4]
?pop_l1                 0x0082cf        Code  Gb  vreg_util.o [4]
?pop_l2                 0x0082da        Code  Gb  vreg_util.o [4]
?pop_l3                 0x0082e5        Code  Gb  vreg_util.o [4]
?pop_w4                 0x008284        Code  Gb  vreg_util.o [4]
?push_l0                0x008293        Code  Gb  vreg_util.o [4]
?push_l1                0x008298        Code  Gb  vreg_util.o [4]
?push_l2                0x00829d        Code  Gb  vreg_util.o [4]
?push_l3                0x0082a2        Code  Gb  vreg_util.o [4]
?push_w4                0x00826c        Code  Gb  vreg_util.o [4]
?sdiv32_l0_l0_dl        0x00813e        Code  Gb  long.o [4]
?sdiv32_l0_l0_l1        0x008141        Code  Gb  long.o [4]
?sll8_a_a_5             0x0089f5        Code  Gb  char.o [4]
?sll8_a_a_6             0x0089f4        Code  Gb  char.o [4]
?smod32_l1_l0_l1        0x008141        Code  Gb  long.o [4]
?sub32_l0_l0_0x         0x0080b9        Code  Gb  long.o [4]
?sub32_l0_l0_l1         0x0080b6        Code  Gb  long.o [4]
?ucmp32_c_l0_l1         0x008187        Code  Gb  long.o [4]
?udiv32_l0_l0_l1        0x0080d1        Code  Gb  long.o [4]
?umod32_l1_l0_l1        0x0080d1        Code  Gb  long.o [4]
?w0                     0x000000        Data  Gb  vregs.o [4]
?w1                     0x000002        Data  Gb  vregs.o [4]
?w2                     0x000004        Data  Gb  vregs.o [4]
?w3                     0x000006        Data  Gb  vregs.o [4]
?w4                     0x000008        Data  Gb  vregs.o [4]
?w5                     0x00000a        Data  Gb  vregs.o [4]
?w6                     0x00000c        Data  Gb  vregs.o [4]
?w7                     0x00000e        Data  Gb  vregs.o [4]
AWU_IRQHandler          0x008a2b   0x1  Code  Gb  stm8l10x_it.o [1]
CLK_MasterPrescalerConfig
                        0x008918  0x10  Code  Gb  stm8l10x_clk.o [1]
CLK_PeripheralClockConfig
                        0x008847  0x18  Code  Gb  stm8l10x_clk.o [1]
COMP_IRQHandler         0x008a35   0x1  Code  Gb  stm8l10x_it.o [1]
CSTACK$$Base            0x000500         --   Gb  - Linker created -
CSTACK$$Limit           0x000600         --   Gb  - Linker created -
EXTI0_IRQHandler        0x008784  0x20  Code  Gb  stm8l10x_it.o [1]
EXTI1_IRQHandler        0x008a2e   0x1  Code  Gb  stm8l10x_it.o [1]
EXTI2_IRQHandler        0x008a2f   0x1  Code  Gb  stm8l10x_it.o [1]
EXTI3_IRQHandler        0x008a30   0x1  Code  Gb  stm8l10x_it.o [1]
EXTI4_IRQHandler        0x008a31   0x1  Code  Gb  stm8l10x_it.o [1]
EXTI5_IRQHandler        0x008a32   0x1  Code  Gb  stm8l10x_it.o [1]
EXTI6_IRQHandler        0x008a33   0x1  Code  Gb  stm8l10x_it.o [1]
EXTI7_IRQHandler        0x008a34   0x1  Code  Gb  stm8l10x_it.o [1]
EXTIB_IRQHandler        0x008a2c   0x1  Code  Gb  stm8l10x_it.o [1]
EXTID_IRQHandler        0x008a2d   0x1  Code  Gb  stm8l10x_it.o [1]
EXTI_ClearITPendingBit  0x00888e  0x16  Code  Gb  stm8l10x_exti.o [1]
EXTI_DeInit             0x008815  0x19  Code  Gb  stm8l10x_exti.o [1]
EXTI_SetPinSensitivity  0x008338  0xa0  Code  Gb  stm8l10x_exti.o [1]
FLASH_IRQHandler        0x008a2a   0x1  Code  Gb  stm8l10x_it.o [1]
GPIO_Init               0x00860c  0x52  Code  Gb  stm8l10x_gpio.o [1]
GPIO_ResetBits          0x008a0e   0x4  Code  Gb  stm8l10x_gpio.o [1]
GPIO_SetBits            0x0089d9   0x7  Code  Gb  stm8l10x_gpio.o [1]
GPIO_ToggleBits         0x0089e0   0x7  Code  Gb  stm8l10x_gpio.o [1]
I2C_IRQHandler          0x008a3b   0x1  Code  Gb  stm8l10x_it.o [1]
INTVEC$$Base            0x008000         --   Gb  - Linker created -
INTVEC$$Limit           0x008080         --   Gb  - Linker created -
Motor1OutH              0x008979   0x8  Code  Gb  Motor_Control.o [1]
Motor1OutL              0x0089a9   0x8  Code  Gb  Motor_Control.o [1]
Motor2OutH              0x008981   0x8  Code  Gb  Motor_Control.o [1]
Motor2OutL              0x0089b1   0x8  Code  Gb  Motor_Control.o [1]
Motor3OutH              0x008989   0x8  Code  Gb  Motor_Control.o [1]
Motor3OutL              0x0089b9   0x8  Code  Gb  Motor_Control.o [1]
Motor4OutH              0x008991   0x8  Code  Gb  Motor_Control.o [1]
Motor4OutL              0x0089c1   0x8  Code  Gb  Motor_Control.o [1]
Motor5OutH              0x008999   0x8  Code  Gb  Motor_Control.o [1]
Motor5OutL              0x0089c9   0x8  Code  Gb  Motor_Control.o [1]
Motor6OutH              0x0089a1   0x8  Code  Gb  Motor_Control.o [1]
Motor6OutL              0x0089d1   0x8  Code  Gb  Motor_Control.o [1]
MotorGPIO_Init          0x00865e  0x43  Code  Lc  Motor_Control.o [1]
Motor_Init              0x008700  0x2a  Code  Gb  Motor_Control.o [1]
Motor_Process           0x008a1a   0x3  Code  Gb  Motor_Control.o [1]
PPM_Decode              0x0083d8  0x88  Code  Gb  Receiver_PPM.o [1]
PPM_Decode::Last_RisingEdge_Time
                        0x0000b9   0x2  Data  Lc  Receiver_PPM.o [1]
PPM_Decode::PPM_CH      0x0000bb   0x1  Data  Lc  Receiver_PPM.o [1]
PPM_Reveiver_Init       0x008877  0x17  Code  Gb  Receiver_PPM.o [1]
PWM_CurrentData         0x000010  0x49  Data  Gb  Receiver_PPM.o [1]
PWM_DeviceTurnOffFunc   0x000065   0xc  Data  Lc  SoftPwm_Control.o [1]
PWM_DeviceTurnOnFunc    0x000059   0xc  Data  Lc  SoftPwm_Control.o [1]
Region$$Table$$Base     0x008752         --   Gb  - Linker created -
Region$$Table$$Limit    0x008764         --   Gb  - Linker created -
SPI_IRQHandler          0x008a39   0x1  Code  Gb  stm8l10x_it.o [1]
SoftPwmDevice           0x000071  0x48  Data  Gb  SoftPwm_Control.o [1]
SoftPwmInit             0x0084d4  0x72  Code  Gb  SoftPwm_Control.o [1]
TIM2_ARRPreloadConfig   0x008935   0xd  Code  Gb  stm8l10x_tim2.o [1]
TIM2_CAP_IRQHandler     0x008a37   0x1  Code  Gb  stm8l10x_it.o [1]
TIM2_Cmd                0x008928   0xd  Code  Gb  stm8l10x_tim2.o [1]
TIM2_DeInit             0x008546  0x65  Code  Gb  stm8l10x_tim2.o [1]
TIM2_GetCounter         0x008942   0xc  Code  Gb  stm8l10x_tim2.o [1]
TIM2_TimeBaseInit       0x0087e0  0x1b  Code  Gb  stm8l10x_tim2.o [1]
TIM2_UPD_OVF_TRG_BRK_IRQHandler
                        0x008a36   0x1  Code  Gb  stm8l10x_it.o [1]
TIM3_CAP_IRQHandler     0x008a38   0x1  Code  Gb  stm8l10x_it.o [1]
TIM3_ClearITPendingBit  0x0089fa   0x5  Code  Gb  stm8l10x_tim3.o [1]
TIM3_GetCounter         0x00894e   0xc  Code  Gb  stm8l10x_tim3.o [1]
TIM3_GetITStatus        0x0086d3  0x2d  Code  Gb  stm8l10x_tim3.o [1]
TIM3_UPD_OVF_TRG_BRK_IRQHandler
                        0x0087fb  0x1a  Code  Gb  stm8l10x_it.o [1]
TIM4_ClearITPendingBit  0x0089ff   0x5  Code  Gb  stm8l10x_tim4.o [1]
TIM4_UPD_OVF_IRQHandler
                        0x0088a4  0x15  Code  Gb  stm8l10x_it.o [1]
TRAP_IRQHandler         0x008a29   0x1  Code  Gb  stm8l10x_it.o [1]
USART_ClearITPendingBit
                        0x008a04   0x5  Code  Gb  stm8l10x_usart.o [1]
USART_RX_IRQHandler     0x00882e  0x19  Code  Gb  stm8l10x_it.o [1]
USART_ReceiveData8      0x008a12   0x4  Code  Gb  stm8l10x_usart.o [1]
USART_SendData8         0x008a16   0x4  Code  Gb  stm8l10x_usart.o [1]
USART_TX_IRQHandler     0x008a3a   0x1  Code  Gb  stm8l10x_it.o [1]
__DebugBreak            0x008a3c   0x1  Code  Gb  __dbg_break.o [3]
__exit                  0x0088cd  0x14  Code  Gb  __dbg_xxexit.o [3]
__iar_copy_init2        0x00872a        Code  Gb  init_small.o [4]
__iar_data_init2        0x0088b9  0x14  Code  Gb  init.o [4]
__iar_program_start     0x0088e1        Code  Gb  cstartup.o [4]
__iar_unhandled_exception
                        0x008a26        Code  Gb  unhandled_exception.o [4]
__iar_zero_init2        0x0087c2        Code  Gb  init_small.o [4]
__intvec                0x008000        Data  Gb  interrupt.o [4]
__low_level_init        0x008a20   0x3  Code  Gb  low_level_init.o [4]
_exit                   0x008a09        Code  Gb  cexit.o [4]
_interrupt_1            0x008a29        Code  Gb  stm8l10x_it.o [1]
_interrupt_10           0x008784        Code  Gb  stm8l10x_it.o [1]
_interrupt_11           0x008a2e        Code  Gb  stm8l10x_it.o [1]
_interrupt_12           0x008a2f        Code  Gb  stm8l10x_it.o [1]
_interrupt_13           0x008a30        Code  Gb  stm8l10x_it.o [1]
_interrupt_14           0x008a31        Code  Gb  stm8l10x_it.o [1]
_interrupt_15           0x008a32        Code  Gb  stm8l10x_it.o [1]
_interrupt_16           0x008a33        Code  Gb  stm8l10x_it.o [1]
_interrupt_17           0x008a34        Code  Gb  stm8l10x_it.o [1]
_interrupt_20           0x008a35        Code  Gb  stm8l10x_it.o [1]
_interrupt_21           0x008a36        Code  Gb  stm8l10x_it.o [1]
_interrupt_22           0x008a37        Code  Gb  stm8l10x_it.o [1]
_interrupt_23           0x0087fb        Code  Gb  stm8l10x_it.o [1]
_interrupt_24           0x008a38        Code  Gb  stm8l10x_it.o [1]
_interrupt_27           0x0088a4        Code  Gb  stm8l10x_it.o [1]
_interrupt_28           0x008a39        Code  Gb  stm8l10x_it.o [1]
_interrupt_29           0x008a3a        Code  Gb  stm8l10x_it.o [1]
_interrupt_3            0x008a2a        Code  Gb  stm8l10x_it.o [1]
_interrupt_30           0x00882e        Code  Gb  stm8l10x_it.o [1]
_interrupt_31           0x008a3b        Code  Gb  stm8l10x_it.o [1]
_interrupt_6            0x008a2b        Code  Gb  stm8l10x_it.o [1]
_interrupt_8            0x008a2c        Code  Gb  stm8l10x_it.o [1]
_interrupt_9            0x008a2d        Code  Gb  stm8l10x_it.o [1]
exit                    0x008a23   0x3  Code  Gb  exit.o [4]
main                    0x0086a1  0x32  Code  Gb  main.o [1]
soft_pwm                0x008192  0xda  Code  Gb  SoftPwm_Control.o [1]


[1] = C:\Users\WanBean\Desktop\excavator_esc\Project\Debug\Obj
[2] = command line
[3] = dbgstm8smd.a
[4] = dlstm8smn.a

  2 378 bytes of readonly  code memory
    243 bytes of readonly  data memory
    444 bytes of readwrite data memory

Errors: none
Warnings: none
